
> nayab-real-marketing@0.1.0 build
> next build

Ôû▓ Next.js 16.1.6 (Turbopack)
- Environments: .env.local

  Creating an optimized production build ...
node.exe : 
At line:1 char:1
+ & "C:\Program Files\nodejs/node.exe" "C:\Program Files\nodejs/node_mo ...
+ ~~~~~~~~~~~~~~~~~~~~~~~~~~~~~~~~~~~~~~~~~~~~~~~~~~~~~~~~~~~~~~~~~~~~~
    + CategoryInfo          : NotSpecified: (:String) [], RemoteException
    + FullyQualifiedErrorId : NativeCommandError
 
> Build error occurred
Error: Turbopack build failed with 17 errors:
./src/app/api/agents/[id]/route.ts:4:1
Module not found: Can't resolve '@/middleware/authMiddleware'
[0m [90m 2 |[39m [36mimport[39m { connectDB } [36mfrom[39m [32m'@/lib/mongodb'[39m[33m;[39m
 [90m 3 |[39m [36mimport[39m { [33mAgent[39m } [36mfrom[39m [32m'@/models/Agent'[39m[33m;[39m
[31m[1m>[22m[39m[90m 4 |[39m [36mimport[39m { requireAuth[33m,[39m [33mRouteContext[39m } [36mfrom[39m 
[32m'@/middleware/authMiddleware'[39m[33m;[39m
 [90m   |[39m [31m[1m^[22m[39m[31m[1m^[22m[39m[31m[1m^[22m[39m[31m[1m^[22m[39m[31m[1m^[22m[39m[3
1m[1m^[22m[39m[31m[1m^[22m[39m[31m[1m^[22m[39m[31m[1m^[22m[39m[31m[1m^[22m[39m[31m[1m^[22m[39m[
31m[1m^[22m[39m[31m[1m^[22m[39m[31m[1m^[22m[39m[31m[1m^[22m[39m[31m[1m^[22m[39m[31m[1m^[22m[39m
[31m[1m^[22m[39m[31m[1m^[22m[39m[31m[1m^[22m[39m[31m[1m^[22m[39m[31m[1m^[22m[39m[31m[1m^[22m[39m
[31m[1m^[22m[39m[31m[1m^[22m[39m[31m[1m^[22m[39m[31m[1m^[22m[39m[31m[1m^[22m[39m[31m[1m^[22m[39
m[31m[1m^[22m[39m[31m[1m^[22m[39m[31m[1m^[22m[39m[31m[1m^[22m[39m[31m[1m^[22m[39m[31m[1m^[22m[3
9m[31m[1m^[22m[39m[31m[1m^[22m[39m[31m[1m^[22m[39m[31m[1m^[22m[39m[31m[1m^[22m[39m[31m[1m^[22m[
39m[31m[1m^[22m[39m[31m[1m^[22m[39m[31m[1m^[22m[39m[31m[1m^[22m[39m[31m[1m^[22m[39m[31m[1m^[22m
[39m[31m[1m^[22m[39m[31m[1m^[22m[39m[31m[1m^[22m[39m[31m[1m^[22m[39m[31m[1m^[22m[39m[31m[1m^[22m
[39m[31m[1m^[22m[39m[31m[1m^[22m[39m[31m[1m^[22m[39m[31m[1m^[22m[39m[31m[1m^[22m[39m[31m[1m^[22
m[39m[31m[1m^[22m[39m[31m[1m^[22m[39m[31m[1m^[22m[39m[31m[1m^[22m[39m[31m[1m^[22m[39m[31m[1m^[2
2m[39m[31m[1m^[22m[39m[31m[1m^[22m[39m[31m[1m^[22m[39m[31m[1m^[22m[39m[31m[1m^[22m[39m[31m[1m^[
22m[39m[31m[1m^[22m[39m
 [90m 5 |[39m [36mimport[39m { [33mJwtPayload[39m } [36mfrom[39m [32m'@/lib/jwt'[39m[33m;[39m
 [90m 6 |[39m
 [90m 7 |[39m [36mexport[39m [36masync[39m [36mfunction[39m [33mGET[39m(_req[33m:[39m 
[33mNextRequest[39m[33m,[39m ctx[33m:[39m [33mRouteContext[39m) {[0m

Import map: aliased to relative './src/middleware/authMiddleware' inside of [project]/


https://nextjs.org/docs/messages/module-not-found


./src/app/api/agents/route.ts:4:1
Module not found: Can't resolve '@/middleware/authMiddleware'
[0m [90m 2 |[39m [36mimport[39m { connectDB } [36mfrom[39m [32m'@/lib/mongodb'[39m[33m;[39m
 [90m 3 |[39m [36mimport[39m { [33mAgent[39m } [36mfrom[39m [32m'@/models/Agent'[39m[33m;[39m
[31m[1m>[22m[39m[90m 4 |[39m [36mimport[39m { requireAuth[33m,[39m [33mRouteContext[39m } [36mfrom[39m 
[32m'@/middleware/authMiddleware'[39m[33m;[39m
 [90m   |[39m [31m[1m^[22m[39m[31m[1m^[22m[39m[31m[1m^[22m[39m[31m[1m^[22m[39m[31m[1m^[22m[39m[3
1m[1m^[22m[39m[31m[1m^[22m[39m[31m[1m^[22m[39m[31m[1m^[22m[39m[31m[1m^[22m[39m[31m[1m^[22m[39m[
31m[1m^[22m[39m[31m[1m^[22m[39m[31m[1m^[22m[39m[31m[1m^[22m[39m[31m[1m^[22m[39m[31m[1m^[22m[39m
[31m[1m^[22m[39m[31m[1m^[22m[39m[31m[1m^[22m[39m[31m[1m^[22m[39m[31m[1m^[22m[39m[31m[1m^[22m[39m
[31m[1m^[22m[39m[31m[1m^[22m[39m[31m[1m^[22m[39m[31m[1m^[22m[39m[31m[1m^[22m[39m[31m[1m^[22m[39
m[31m[1m^[22m[39m[31m[1m^[22m[39m[31m[1m^[22m[39m[31m[1m^[22m[39m[31m[1m^[22m[39m[31m[1m^[22m[3
9m[31m[1m^[22m[39m[31m[1m^[22m[39m[31m[1m^[22m[39m[31m[1m^[22m[39m[31m[1m^[22m[39m[31m[1m^[22m[
39m[31m[1m^[22m[39m[31m[1m^[22m[39m[31m[1m^[22m[39m[31m[1m^[22m[39m[31m[1m^[22m[39m[31m[1m^[22m
[39m[31m[1m^[22m[39m[31m[1m^[22m[39m[31m[1m^[22m[39m[31m[1m^[22m[39m[31m[1m^[22m[39m[31m[1m^[22m
[39m[31m[1m^[22m[39m[31m[1m^[22m[39m[31m[1m^[22m[39m[31m[1m^[22m[39m[31m[1m^[22m[39m[31m[1m^[22
m[39m[31m[1m^[22m[39m[31m[1m^[22m[39m[31m[1m^[22m[39m[31m[1m^[22m[39m[31m[1m^[22m[39m[31m[1m^[2
2m[39m[31m[1m^[22m[39m[31m[1m^[22m[39m[31m[1m^[22m[39m[31m[1m^[22m[39m[31m[1m^[22m[39m[31m[1m^[
22m[39m[31m[1m^[22m[39m
 [90m 5 |[39m [36mimport[39m { [33mJwtPayload[39m } [36mfrom[39m [32m'@/lib/jwt'[39m[33m;[39m
 [90m 6 |[39m
 [90m 7 |[39m [36mexport[39m [36masync[39m [36mfunction[39m [33mGET[39m(req[33m:[39m 
[33mNextRequest[39m) {[0m

Import map: aliased to relative './src/middleware/authMiddleware' inside of [project]/


https://nextjs.org/docs/messages/module-not-found


./src/app/api/analytics/route.ts:7:1
Module not found: Can't resolve '@/middleware/authMiddleware'
[0m [90m  5 |[39m [36mimport[39m { [33mContactMessage[39m } [36mfrom[39m 
[32m'@/models/ContactMessage'[39m[33m;[39m
 [90m  6 |[39m [36mimport[39m { [33mAgent[39m } [36mfrom[39m [32m'@/models/Agent'[39m[33m;[39m
[31m[1m>[22m[39m[90m  7 |[39m [36mimport[39m { requireAuth[33m,[39m [33mRouteContext[39m } [36mfrom[39m 
[32m'@/middleware/authMiddleware'[39m[33m;[39m
 [90m    |[39m [31m[1m^[22m[39m[31m[1m^[22m[39m[31m[1m^[22m[39m[31m[1m^[22m[39m[31m[1m^[22m[39m[
31m[1m^[22m[39m[31m[1m^[22m[39m[31m[1m^[22m[39m[31m[1m^[22m[39m[31m[1m^[22m[39m[31m[1m^[22m[39m
[31m[1m^[22m[39m[31m[1m^[22m[39m[31m[1m^[22m[39m[31m[1m^[22m[39m[31m[1m^[22m[39m[31m[1m^[22m[39m
[31m[1m^[22m[39m[31m[1m^[22m[39m[31m[1m^[22m[39m[31m[1m^[22m[39m[31m[1m^[22m[39m[31m[1m^[22m[39
m[31m[1m^[22m[39m[31m[1m^[22m[39m[31m[1m^[22m[39m[31m[1m^[22m[39m[31m[1m^[22m[39m[31m[1m^[22m[3
9m[31m[1m^[22m[39m[31m[1m^[22m[39m[31m[1m^[22m[39m[31m[1m^[22m[39m[31m[1m^[22m[39m[31m[1m^[22m[
39m[31m[1m^[22m[39m[31m[1m^[22m[39m[31m[1m^[22m[39m[31m[1m^[22m[39m[31m[1m^[22m[39m[31m[1m^[22m
[39m[31m[1m^[22m[39m[31m[1m^[22m[39m[31m[1m^[22m[39m[31m[1m^[22m[39m[31m[1m^[22m[39m[31m[1m^[22m
[39m[31m[1m^[22m[39m[31m[1m^[22m[39m[31m[1m^[22m[39m[31m[1m^[22m[39m[31m[1m^[22m[39m[31m[1m^[22
m[39m[31m[1m^[22m[39m[31m[1m^[22m[39m[31m[1m^[22m[39m[31m[1m^[22m[39m[31m[1m^[22m[39m[31m[1m^[2
2m[39m[31m[1m^[22m[39m[31m[1m^[22m[39m[31m[1m^[22m[39m[31m[1m^[22m[39m[31m[1m^[22m[39m[31m[1m^[
22m[39m[31m[1m^[22m[39m[31m[1m^[22m[39m[31m[1m^[22m[39m[31m[1m^[22m[39m[31m[1m^[22m[39m[31m[1m^
[22m[39m[31m[1m^[22m[39m
 [90m  8 |[39m [36mimport[39m { [33mJwtPayload[39m } [36mfrom[39m [32m'@/lib/jwt'[39m[33m;[39m
 [90m  9 |[39m
 [90m 10 |[39m [36mexport[39m [36mconst[39m [33mGET[39m [33m=[39m requireAuth([36masync[39m 
(req[33m:[39m [33mNextRequest[39m[33m,[39m _user[33m:[39m [33mJwtPayload[39m[33m,[39m _ctx[33m:[39m 
[33mRouteContext[39m) [33m=>[39m {[0m

Import map: aliased to relative './src/middleware/authMiddleware' inside of [project]/


https://nextjs.org/docs/messages/module-not-found


./src/app/api/auth/me/route.ts:4:1
Module not found: Can't resolve '@/middleware/authMiddleware'
[0m [90m 2 |[39m [36mimport[39m { connectDB } [36mfrom[39m [32m'@/lib/mongodb'[39m[33m;[39m
 [90m 3 |[39m [36mimport[39m { [33mUser[39m } [36mfrom[39m [32m'@/models/User'[39m[33m;[39m
[31m[1m>[22m[39m[90m 4 |[39m [36mimport[39m { requireAuth[33m,[39m [33mRouteContext[39m } [36mfrom[39m 
[32m'@/middleware/authMiddleware'[39m[33m;[39m
 [90m   |[39m [31m[1m^[22m[39m[31m[1m^[22m[39m[31m[1m^[22m[39m[31m[1m^[22m[39m[31m[1m^[22m[39m[3
1m[1m^[22m[39m[31m[1m^[22m[39m[31m[1m^[22m[39m[31m[1m^[22m[39m[31m[1m^[22m[39m[31m[1m^[22m[39m[
31m[1m^[22m[39m[31m[1m^[22m[39m[31m[1m^[22m[39m[31m[1m^[22m[39m[31m[1m^[22m[39m[31m[1m^[22m[39m
[31m[1m^[22m[39m[31m[1m^[22m[39m[31m[1m^[22m[39m[31m[1m^[22m[39m[31m[1m^[22m[39m[31m[1m^[22m[39m
[31m[1m^[22m[39m[31m[1m^[22m[39m[31m[1m^[22m[39m[31m[1m^[22m[39m[31m[1m^[22m[39m[31m[1m^[22m[39
m[31m[1m^[22m[39m[31m[1m^[22m[39m[31m[1m^[22m[39m[31m[1m^[22m[39m[31m[1m^[22m[39m[31m[1m^[22m[3
9m[31m[1m^[22m[39m[31m[1m^[22m[39m[31m[1m^[22m[39m[31m[1m^[22m[39m[31m[1m^[22m[39m[31m[1m^[22m[
39m[31m[1m^[22m[39m[31m[1m^[22m[39m[31m[1m^[22m[39m[31m[1m^[22m[39m[31m[1m^[22m[39m[31m[1m^[22m
[39m[31m[1m^[22m[39m[31m[1m^[22m[39m[31m[1m^[22m[39m[31m[1m^[22m[39m[31m[1m^[22m[39m[31m[1m^[22m
[39m[31m[1m^[22m[39m[31m[1m^[22m[39m[31m[1m^[22m[39m[31m[1m^[22m[39m[31m[1m^[22m[39m[31m[1m^[22
m[39m[31m[1m^[22m[39m[31m[1m^[22m[39m[31m[1m^[22m[39m[31m[1m^[22m[39m[31m[1m^[22m[39m[31m[1m^[2
2m[39m[31m[1m^[22m[39m[31m[1m^[22m[39m[31m[1m^[22m[39m[31m[1m^[22m[39m[31m[1m^[22m[39m[31m[1m^[
22m[39m[31m[1m^[22m[39m
 [90m 5 |[39m [36mimport[39m { [33mJwtPayload[39m } [36mfrom[39m [32m'@/lib/jwt'[39m[33m;[39m
 [90m 6 |[39m
 [90m 7 |[39m [36mexport[39m [36mconst[39m [33mGET[39m [33m=[39m requireAuth([36masync[39m 
(_req[33m:[39m [33mNextRequest[39m[33m,[39m jwtUser[33m:[39m [33mJwtPayload[39m[33m,[39m _ctx[33m:[39m 
[33mRouteContext[39m) [33m=>[39m {[0m

Import map: aliased to relative './src/middleware/authMiddleware' inside of [project]/


https://nextjs.org/docs/messages/module-not-found


./src/app/api/blogs/[id]/route.ts:4:1
Module not found: Can't resolve '@/middleware/authMiddleware'
[0m [90m 2 |[39m [36mimport[39m { connectDB } [36mfrom[39m [32m'@/lib/mongodb'[39m[33m;[39m
 [90m 3 |[39m [36mimport[39m { [33mBlog[39m } [36mfrom[39m [32m'@/models/Blog'[39m[33m;[39m
[31m[1m>[22m[39m[90m 4 |[39m [36mimport[39m { requireAuth[33m,[39m [33mRouteContext[39m } [36mfrom[39m 
[32m'@/middleware/authMiddleware'[39m[33m;[39m
 [90m   |[39m [31m[1m^[22m[39m[31m[1m^[22m[39m[31m[1m^[22m[39m[31m[1m^[22m[39m[31m[1m^[22m[39m[3
1m[1m^[22m[39m[31m[1m^[22m[39m[31m[1m^[22m[39m[31m[1m^[22m[39m[31m[1m^[22m[39m[31m[1m^[22m[39m[
31m[1m^[22m[39m[31m[1m^[22m[39m[31m[1m^[22m[39m[31m[1m^[22m[39m[31m[1m^[22m[39m[31m[1m^[22m[39m
[31m[1m^[22m[39m[31m[1m^[22m[39m[31m[1m^[22m[39m[31m[1m^[22m[39m[31m[1m^[22m[39m[31m[1m^[22m[39m
[31m[1m^[22m[39m[31m[1m^[22m[39m[31m[1m^[22m[39m[31m[1m^[22m[39m[31m[1m^[22m[39m[31m[1m^[22m[39
m[31m[1m^[22m[39m[31m[1m^[22m[39m[31m[1m^[22m[39m[31m[1m^[22m[39m[31m[1m^[22m[39m[31m[1m^[22m[3
9m[31m[1m^[22m[39m[31m[1m^[22m[39m[31m[1m^[22m[39m[31m[1m^[22m[39m[31m[1m^[22m[39m[31m[1m^[22m[
39m[31m[1m^[22m[39m[31m[1m^[22m[39m[31m[1m^[22m[39m[31m[1m^[22m[39m[31m[1m^[22m[39m[31m[1m^[22m
[39m[31m[1m^[22m[39m[31m[1m^[22m[39m[31m[1m^[22m[39m[31m[1m^[22m[39m[31m[1m^[22m[39m[31m[1m^[22m
[39m[31m[1m^[22m[39m[31m[1m^[22m[39m[31m[1m^[22m[39m[31m[1m^[22m[39m[31m[1m^[22m[39m[31m[1m^[22
m[39m[31m[1m^[22m[39m[31m[1m^[22m[39m[31m[1m^[22m[39m[31m[1m^[22m[39m[31m[1m^[22m[39m[31m[1m^[2
2m[39m[31m[1m^[22m[39m[31m[1m^[22m[39m[31m[1m^[22m[39m[31m[1m^[22m[39m[31m[1m^[22m[39m[31m[1m^[
22m[39m[31m[1m^[22m[39m
 [90m 5 |[39m [36mimport[39m { [33mJwtPayload[39m[33m,[39m [33mUserRole[39m } [36mfrom[39m 
[32m'@/lib/jwt'[39m[33m;[39m
 [90m 6 |[39m
 [90m 7 |[39m [36mexport[39m [36masync[39m [36mfunction[39m [33mGET[39m(_req[33m:[39m 
[33mNextRequest[39m[33m,[39m ctx[33m:[39m [33mRouteContext[39m) {[0m

Import map: aliased to relative './src/middleware/authMiddleware' inside of [project]/


https://nextjs.org/docs/messages/module-not-found


./src/app/api/blogs/route.ts:4:1
Module not found: Can't resolve '@/middleware/authMiddleware'
[0m [90m 2 |[39m [36mimport[39m { connectDB } [36mfrom[39m [32m'@/lib/mongodb'[39m[33m;[39m
 [90m 3 |[39m [36mimport[39m { [33mBlog[39m } [36mfrom[39m [32m'@/models/Blog'[39m[33m;[39m
[31m[1m>[22m[39m[90m 4 |[39m [36mimport[39m { requireAuth[33m,[39m [33mRouteContext[39m } [36mfrom[39m 
[32m'@/middleware/authMiddleware'[39m[33m;[39m
 [90m   |[39m [31m[1m^[22m[39m[31m[1m^[22m[39m[31m[1m^[22m[39m[31m[1m^[22m[39m[31m[1m^[22m[39m[3
1m[1m^[22m[39m[31m[1m^[22m[39m[31m[1m^[22m[39m[31m[1m^[22m[39m[31m[1m^[22m[39m[31m[1m^[22m[39m[
31m[1m^[22m[39m[31m[1m^[22m[39m[31m[1m^[22m[39m[31m[1m^[22m[39m[31m[1m^[22m[39m[31m[1m^[22m[39m
[31m[1m^[22m[39m[31m[1m^[22m[39m[31m[1m^[22m[39m[31m[1m^[22m[39m[31m[1m^[22m[39m[31m[1m^[22m[39m
[31m[1m^[22m[39m[31m[1m^[22m[39m[31m[1m^[22m[39m[31m[1m^[22m[39m[31m[1m^[22m[39m[31m[1m^[22m[39
m[31m[1m^[22m[39m[31m[1m^[22m[39m[31m[1m^[22m[39m[31m[1m^[22m[39m[31m[1m^[22m[39m[31m[1m^[22m[3
9m[31m[1m^[22m[39m[31m[1m^[22m[39m[31m[1m^[22m[39m[31m[1m^[22m[39m[31m[1m^[22m[39m[31m[1m^[22m[
39m[31m[1m^[22m[39m[31m[1m^[22m[39m[31m[1m^[22m[39m[31m[1m^[22m[39m[31m[1m^[22m[39m[31m[1m^[22m
[39m[31m[1m^[22m[39m[31m[1m^[22m[39m[31m[1m^[22m[39m[31m[1m^[22m[39m[31m[1m^[22m[39m[31m[1m^[22m
[39m[31m[1m^[22m[39m[31m[1m^[22m[39m[31m[1m^[22m[39m[31m[1m^[22m[39m[31m[1m^[22m[39m[31m[1m^[22
m[39m[31m[1m^[22m[39m[31m[1m^[22m[39m[31m[1m^[22m[39m[31m[1m^[22m[39m[31m[1m^[22m[39m[31m[1m^[2
2m[39m[31m[1m^[22m[39m[31m[1m^[22m[39m[31m[1m^[22m[39m[31m[1m^[22m[39m[31m[1m^[22m[39m[31m[1m^[
22m[39m[31m[1m^[22m[39m
 [90m 5 |[39m [36mimport[39m { [33mJwtPayload[39m } [36mfrom[39m [32m'@/lib/jwt'[39m[33m;[39m
 [90m 6 |[39m
 [90m 7 |[39m [90m// ÔöÇÔöÇ helpers ÔöÇÔöÇÔöÇÔöÇÔöÇÔöÇÔöÇÔöÇÔöÇÔöÇÔöÇÔöÇÔöÇÔöÇÔöÇÔöÇÔöÇÔöÇÔöÇÔöÇÔöÇÔöÇÔöÇÔöÇÔöÇÔöÇÔö
ÇÔöÇÔöÇÔöÇÔöÇÔöÇÔöÇÔöÇÔöÇÔöÇÔöÇÔöÇÔöÇÔöÇÔöÇÔöÇÔöÇÔöÇÔöÇÔöÇÔöÇÔöÇÔöÇÔöÇÔöÇÔöÇÔöÇÔöÇÔöÇÔöÇÔöÇÔöÇÔöÇÔöÇÔöÇÔöÇÔöÇÔöÇÔöÇÔöÇ
[39m[0m

Import map: aliased to relative './src/middleware/authMiddleware' inside of [project]/


https://nextjs.org/docs/messages/module-not-found


./src/app/api/contact/route.ts:5:1
Module not found: Can't resolve '@/middleware/authMiddleware'
[0m [90m 3 |[39m [36mimport[39m { [33mContactMessage[39m } [36mfrom[39m 
[32m'@/models/ContactMessage'[39m[33m;[39m
 [90m 4 |[39m [36mimport[39m { [33mUser[39m } [36mfrom[39m [32m'@/models/User'[39m[33m;[39m
[31m[1m>[22m[39m[90m 5 |[39m [36mimport[39m { requireAuth[33m,[39m [33mRouteContext[39m } [36mfrom[39m 
[32m'@/middleware/authMiddleware'[39m[33m;[39m
 [90m   |[39m [31m[1m^[22m[39m[31m[1m^[22m[39m[31m[1m^[22m[39m[31m[1m^[22m[39m[31m[1m^[22m[39m[3
1m[1m^[22m[39m[31m[1m^[22m[39m[31m[1m^[22m[39m[31m[1m^[22m[39m[31m[1m^[22m[39m[31m[1m^[22m[39m[
31m[1m^[22m[39m[31m[1m^[22m[39m[31m[1m^[22m[39m[31m[1m^[22m[39m[31m[1m^[22m[39m[31m[1m^[22m[39m
[31m[1m^[22m[39m[31m[1m^[22m[39m[31m[1m^[22m[39m[31m[1m^[22m[39m[31m[1m^[22m[39m[31m[1m^[22m[39m
[31m[1m^[22m[39m[31m[1m^[22m[39m[31m[1m^[22m[39m[31m[1m^[22m[39m[31m[1m^[22m[39m[31m[1m^[22m[39
m[31m[1m^[22m[39m[31m[1m^[22m[39m[31m[1m^[22m[39m[31m[1m^[22m[39m[31m[1m^[22m[39m[31m[1m^[22m[3
9m[31m[1m^[22m[39m[31m[1m^[22m[39m[31m[1m^[22m[39m[31m[1m^[22m[39m[31m[1m^[22m[39m[31m[1m^[22m[
39m[31m[1m^[22m[39m[31m[1m^[22m[39m[31m[1m^[22m[39m[31m[1m^[22m[39m[31m[1m^[22m[39m[31m[1m^[22m
[39m[31m[1m^[22m[39m[31m[1m^[22m[39m[31m[1m^[22m[39m[31m[1m^[22m[39m[31m[1m^[22m[39m[31m[1m^[22m
[39m[31m[1m^[22m[39m[31m[1m^[22m[39m[31m[1m^[22m[39m[31m[1m^[22m[39m[31m[1m^[22m[39m[31m[1m^[22
m[39m[31m[1m^[22m[39m[31m[1m^[22m[39m[31m[1m^[22m[39m[31m[1m^[22m[39m[31m[1m^[22m[39m[31m[1m^[2
2m[39m[31m[1m^[22m[39m[31m[1m^[22m[39m[31m[1m^[22m[39m[31m[1m^[22m[39m[31m[1m^[22m[39m[31m[1m^[
22m[39m[31m[1m^[22m[39m
 [90m 6 |[39m [36mimport[39m { [33mJwtPayload[39m } [36mfrom[39m [32m'@/lib/jwt'[39m[33m;[39m
 [90m 7 |[39m [36mimport[39m { sendContactNotification } [36mfrom[39m [32m'@/lib/mailer'[39m[33m;[39m
 [90m 8 |[39m[0m

Import map: aliased to relative './src/middleware/authMiddleware' inside of [project]/


https://nextjs.org/docs/messages/module-not-found


./src/app/api/inquiries/[id]/route.ts:4:1
Module not found: Can't resolve '@/middleware/authMiddleware'
[0m [90m 2 |[39m [36mimport[39m { connectDB } [36mfrom[39m [32m'@/lib/mongodb'[39m[33m;[39m
 [90m 3 |[39m [36mimport[39m { [33mInquiry[39m } [36mfrom[39m [32m'@/models/Inquiry'[39m[33m;[39m
[31m[1m>[22m[39m[90m 4 |[39m [36mimport[39m { requireAuth[33m,[39m [33mRouteContext[39m } [36mfrom[39m 
[32m'@/middleware/authMiddleware'[39m[33m;[39m
 [90m   |[39m [31m[1m^[22m[39m[31m[1m^[22m[39m[31m[1m^[22m[39m[31m[1m^[22m[39m[31m[1m^[22m[39m[3
1m[1m^[22m[39m[31m[1m^[22m[39m[31m[1m^[22m[39m[31m[1m^[22m[39m[31m[1m^[22m[39m[31m[1m^[22m[39m[
31m[1m^[22m[39m[31m[1m^[22m[39m[31m[1m^[22m[39m[31m[1m^[22m[39m[31m[1m^[22m[39m[31m[1m^[22m[39m
[31m[1m^[22m[39m[31m[1m^[22m[39m[31m[1m^[22m[39m[31m[1m^[22m[39m[31m[1m^[22m[39m[31m[1m^[22m[39m
[31m[1m^[22m[39m[31m[1m^[22m[39m[31m[1m^[22m[39m[31m[1m^[22m[39m[31m[1m^[22m[39m[31m[1m^[22m[39
m[31m[1m^[22m[39m[31m[1m^[22m[39m[31m[1m^[22m[39m[31m[1m^[22m[39m[31m[1m^[22m[39m[31m[1m^[22m[3
9m[31m[1m^[22m[39m[31m[1m^[22m[39m[31m[1m^[22m[39m[31m[1m^[22m[39m[31m[1m^[22m[39m[31m[1m^[22m[
39m[31m[1m^[22m[39m[31m[1m^[22m[39m[31m[1m^[22m[39m[31m[1m^[22m[39m[31m[1m^[22m[39m[31m[1m^[22m
[39m[31m[1m^[22m[39m[31m[1m^[22m[39m[31m[1m^[22m[39m[31m[1m^[22m[39m[31m[1m^[22m[39m[31m[1m^[22m
[39m[31m[1m^[22m[39m[31m[1m^[22m[39m[31m[1m^[22m[39m[31m[1m^[22m[39m[31m[1m^[22m[39m[31m[1m^[22
m[39m[31m[1m^[22m[39m[31m[1m^[22m[39m[31m[1m^[22m[39m[31m[1m^[22m[39m[31m[1m^[22m[39m[31m[1m^[2
2m[39m[31m[1m^[22m[39m[31m[1m^[22m[39m[31m[1m^[22m[39m[31m[1m^[22m[39m[31m[1m^[22m[39m[31m[1m^[
22m[39m[31m[1m^[22m[39m
 [90m 5 |[39m [36mimport[39m { [33mJwtPayload[39m } [36mfrom[39m [32m'@/lib/jwt'[39m[33m;[39m
 [90m 6 |[39m
 [90m 7 |[39m [90m// PUT ÔÇö admin marks as read[39m[0m

Import map: aliased to relative './src/middleware/authMiddleware' inside of [project]/


https://nextjs.org/docs/messages/module-not-found


./src/app/api/inquiries/route.ts:5:1
Module not found: Can't resolve '@/middleware/authMiddleware'
[0m [90m 3 |[39m [36mimport[39m { [33mInquiry[39m } [36mfrom[39m [32m'@/models/Inquiry'[39m[33m;[39m
 [90m 4 |[39m [36mimport[39m { [33mProperty[39m } [36mfrom[39m [32m'@/models/Property'[39m[33m;[39m
[31m[1m>[22m[39m[90m 5 |[39m [36mimport[39m { requireAuth[33m,[39m [33mRouteContext[39m } [36mfrom[39m 
[32m'@/middleware/authMiddleware'[39m[33m;[39m
 [90m   |[39m [31m[1m^[22m[39m[31m[1m^[22m[39m[31m[1m^[22m[39m[31m[1m^[22m[39m[31m[1m^[22m[39m[3
1m[1m^[22m[39m[31m[1m^[22m[39m[31m[1m^[22m[39m[31m[1m^[22m[39m[31m[1m^[22m[39m[31m[1m^[22m[39m[
31m[1m^[22m[39m[31m[1m^[22m[39m[31m[1m^[22m[39m[31m[1m^[22m[39m[31m[1m^[22m[39m[31m[1m^[22m[39m
[31m[1m^[22m[39m[31m[1m^[22m[39m[31m[1m^[22m[39m[31m[1m^[22m[39m[31m[1m^[22m[39m[31m[1m^[22m[39m
[31m[1m^[22m[39m[31m[1m^[22m[39m[31m[1m^[22m[39m[31m[1m^[22m[39m[31m[1m^[22m[39m[31m[1m^[22m[39
m[31m[1m^[22m[39m[31m[1m^[22m[39m[31m[1m^[22m[39m[31m[1m^[22m[39m[31m[1m^[22m[39m[31m[1m^[22m[3
9m[31m[1m^[22m[39m[31m[1m^[22m[39m[31m[1m^[22m[39m[31m[1m^[22m[39m[31m[1m^[22m[39m[31m[1m^[22m[
39m[31m[1m^[22m[39m[31m[1m^[22m[39m[31m[1m^[22m[39m[31m[1m^[22m[39m[31m[1m^[22m[39m[31m[1m^[22m
[39m[31m[1m^[22m[39m[31m[1m^[22m[39m[31m[1m^[22m[39m[31m[1m^[22m[39m[31m[1m^[22m[39m[31m[1m^[22m
[39m[31m[1m^[22m[39m[31m[1m^[22m[39m[31m[1m^[22m[39m[31m[1m^[22m[39m[31m[1m^[22m[39m[31m[1m^[22
m[39m[31m[1m^[22m[39m[31m[1m^[22m[39m[31m[1m^[22m[39m[31m[1m^[22m[39m[31m[1m^[22m[39m[31m[1m^[2
2m[39m[31m[1m^[22m[39m[31m[1m^[22m[39m[31m[1m^[22m[39m[31m[1m^[22m[39m[31m[1m^[22m[39m[31m[1m^[
22m[39m[31m[1m^[22m[39m
 [90m 6 |[39m [36mimport[39m { [33mJwtPayload[39m } [36mfrom[39m [32m'@/lib/jwt'[39m[33m;[39m
 [90m 7 |[39m
 [90m 8 |[39m [90m// POST ÔÇö authenticated user submits inquiry[39m[0m

Import map: aliased to relative './src/middleware/authMiddleware' inside of [project]/


https://nextjs.org/docs/messages/module-not-found


./src/app/api/messages/[id]/route.ts:4:1
Module not found: Can't resolve '@/middleware/authMiddleware'
[0m [90m 2 |[39m [36mimport[39m { connectDB } [36mfrom[39m [32m'@/lib/mongodb'[39m[33m;[39m
 [90m 3 |[39m [36mimport[39m { [33mContactMessage[39m } [36mfrom[39m 
[32m'@/models/ContactMessage'[39m[33m;[39m
[31m[1m>[22m[39m[90m 4 |[39m [36mimport[39m { requireAuth[33m,[39m [33mRouteContext[39m } [36mfrom[39m 
[32m'@/middleware/authMiddleware'[39m[33m;[39m
 [90m   |[39m [31m[1m^[22m[39m[31m[1m^[22m[39m[31m[1m^[22m[39m[31m[1m^[22m[39m[31m[1m^[22m[39m[3
1m[1m^[22m[39m[31m[1m^[22m[39m[31m[1m^[22m[39m[31m[1m^[22m[39m[31m[1m^[22m[39m[31m[1m^[22m[39m[
31m[1m^[22m[39m[31m[1m^[22m[39m[31m[1m^[22m[39m[31m[1m^[22m[39m[31m[1m^[22m[39m[31m[1m^[22m[39m
[31m[1m^[22m[39m[31m[1m^[22m[39m[31m[1m^[22m[39m[31m[1m^[22m[39m[31m[1m^[22m[39m[31m[1m^[22m[39m
[31m[1m^[22m[39m[31m[1m^[22m[39m[31m[1m^[22m[39m[31m[1m^[22m[39m[31m[1m^[22m[39m[31m[1m^[22m[39
m[31m[1m^[22m[39m[31m[1m^[22m[39m[31m[1m^[22m[39m[31m[1m^[22m[39m[31m[1m^[22m[39m[31m[1m^[22m[3
9m[31m[1m^[22m[39m[31m[1m^[22m[39m[31m[1m^[22m[39m[31m[1m^[22m[39m[31m[1m^[22m[39m[31m[1m^[22m[
39m[31m[1m^[22m[39m[31m[1m^[22m[39m[31m[1m^[22m[39m[31m[1m^[22m[39m[31m[1m^[22m[39m[31m[1m^[22m
[39m[31m[1m^[22m[39m[31m[1m^[22m[39m[31m[1m^[22m[39m[31m[1m^[22m[39m[31m[1m^[22m[39m[31m[1m^[22m
[39m[31m[1m^[22m[39m[31m[1m^[22m[39m[31m[1m^[22m[39m[31m[1m^[22m[39m[31m[1m^[22m[39m[31m[1m^[22
m[39m[31m[1m^[22m[39m[31m[1m^[22m[39m[31m[1m^[22m[39m[31m[1m^[22m[39m[31m[1m^[22m[39m[31m[1m^[2
2m[39m[31m[1m^[22m[39m[31m[1m^[22m[39m[31m[1m^[22m[39m[31m[1m^[22m[39m[31m[1m^[22m[39m[31m[1m^[
22m[39m[31m[1m^[22m[39m
 [90m 5 |[39m [36mimport[39m { [33mJwtPayload[39m } [36mfrom[39m [32m'@/lib/jwt'[39m[33m;[39m
 [90m 6 |[39m
 [90m 7 |[39m [36mexport[39m [36mconst[39m [33mPUT[39m [33m=[39m requireAuth([36masync[39m (req[33m:[39m 
[33mNextRequest[39m[33m,[39m _user[33m:[39m [33mJwtPayload[39m[33m,[39m ctx[33m:[39m 
[33mRouteContext[39m) [33m=>[39m {[0m

Import map: aliased to relative './src/middleware/authMiddleware' inside of [project]/


https://nextjs.org/docs/messages/module-not-found


./src/app/api/properties/[id]/route.ts:4:1
Module not found: Can't resolve '@/middleware/authMiddleware'
[0m [90m 2 |[39m [36mimport[39m { connectDB } [36mfrom[39m [32m'@/lib/mongodb'[39m[33m;[39m
 [90m 3 |[39m [36mimport[39m { [33mProperty[39m } [36mfrom[39m [32m'@/models/Property'[39m[33m;[39m
[31m[1m>[22m[39m[90m 4 |[39m [36mimport[39m { requireAuth[33m,[39m [33mRouteContext[39m } [36mfrom[39m 
[32m'@/middleware/authMiddleware'[39m[33m;[39m
 [90m   |[39m [31m[1m^[22m[39m[31m[1m^[22m[39m[31m[1m^[22m[39m[31m[1m^[22m[39m[31m[1m^[22m[39m[3
1m[1m^[22m[39m[31m[1m^[22m[39m[31m[1m^[22m[39m[31m[1m^[22m[39m[31m[1m^[22m[39m[31m[1m^[22m[39m[
31m[1m^[22m[39m[31m[1m^[22m[39m[31m[1m^[22m[39m[31m[1m^[22m[39m[31m[1m^[22m[39m[31m[1m^[22m[39m
[31m[1m^[22m[39m[31m[1m^[22m[39m[31m[1m^[22m[39m[31m[1m^[22m[39m[31m[1m^[22m[39m[31m[1m^[22m[39m
[31m[1m^[22m[39m[31m[1m^[22m[39m[31m[1m^[22m[39m[31m[1m^[22m[39m[31m[1m^[22m[39m[31m[1m^[22m[39
m[31m[1m^[22m[39m[31m[1m^[22m[39m[31m[1m^[22m[39m[31m[1m^[22m[39m[31m[1m^[22m[39m[31m[1m^[22m[3
9m[31m[1m^[22m[39m[31m[1m^[22m[39m[31m[1m^[22m[39m[31m[1m^[22m[39m[31m[1m^[22m[39m[31m[1m^[22m[
39m[31m[1m^[22m[39m[31m[1m^[22m[39m[31m[1m^[22m[39m[31m[1m^[22m[39m[31m[1m^[22m[39m[31m[1m^[22m
[39m[31m[1m^[22m[39m[31m[1m^[22m[39m[31m[1m^[22m[39m[31m[1m^[22m[39m[31m[1m^[22m[39m[31m[1m^[22m
[39m[31m[1m^[22m[39m[31m[1m^[22m[39m[31m[1m^[22m[39m[31m[1m^[22m[39m[31m[1m^[22m[39m[31m[1m^[22
m[39m[31m[1m^[22m[39m[31m[1m^[22m[39m[31m[1m^[22m[39m[31m[1m^[22m[39m[31m[1m^[22m[39m[31m[1m^[2
2m[39m[31m[1m^[22m[39m[31m[1m^[22m[39m[31m[1m^[22m[39m[31m[1m^[22m[39m[31m[1m^[22m[39m[31m[1m^[
22m[39m[31m[1m^[22m[39m
 [90m 5 |[39m [36mimport[39m { [33mJwtPayload[39m } [36mfrom[39m [32m'@/lib/jwt'[39m[33m;[39m
 [90m 6 |[39m [36mimport[39m { can } [36mfrom[39m [32m'@/lib/rbac'[39m[33m;[39m
 [90m 7 |[39m[0m

Import map: aliased to relative './src/middleware/authMiddleware' inside of [project]/


https://nextjs.org/docs/messages/module-not-found


./src/app/api/properties/route.ts:4:1
Module not found: Can't resolve '@/middleware/authMiddleware'
[0m [90m 2 |[39m [36mimport[39m { connectDB } [36mfrom[39m [32m'@/lib/mongodb'[39m[33m;[39m
 [90m 3 |[39m [36mimport[39m { [33mProperty[39m } [36mfrom[39m [32m'@/models/Property'[39m[33m;[39m
[31m[1m>[22m[39m[90m 4 |[39m [36mimport[39m { requireAuth[33m,[39m [33mRouteContext[39m } [36mfrom[39m 
[32m'@/middleware/authMiddleware'[39m[33m;[39m
 [90m   |[39m [31m[1m^[22m[39m[31m[1m^[22m[39m[31m[1m^[22m[39m[31m[1m^[22m[39m[31m[1m^[22m[39m[3
1m[1m^[22m[39m[31m[1m^[22m[39m[31m[1m^[22m[39m[31m[1m^[22m[39m[31m[1m^[22m[39m[31m[1m^[22m[39m[
31m[1m^[22m[39m[31m[1m^[22m[39m[31m[1m^[22m[39m[31m[1m^[22m[39m[31m[1m^[22m[39m[31m[1m^[22m[39m
[31m[1m^[22m[39m[31m[1m^[22m[39m[31m[1m^[22m[39m[31m[1m^[22m[39m[31m[1m^[22m[39m[31m[1m^[22m[39m
[31m[1m^[22m[39m[31m[1m^[22m[39m[31m[1m^[22m[39m[31m[1m^[22m[39m[31m[1m^[22m[39m[31m[1m^[22m[39
m[31m[1m^[22m[39m[31m[1m^[22m[39m[31m[1m^[22m[39m[31m[1m^[22m[39m[31m[1m^[22m[39m[31m[1m^[22m[3
9m[31m[1m^[22m[39m[31m[1m^[22m[39m[31m[1m^[22m[39m[31m[1m^[22m[39m[31m[1m^[22m[39m[31m[1m^[22m[
39m[31m[1m^[22m[39m[31m[1m^[22m[39m[31m[1m^[22m[39m[31m[1m^[22m[39m[31m[1m^[22m[39m[31m[1m^[22m
[39m[31m[1m^[22m[39m[31m[1m^[22m[39m[31m[1m^[22m[39m[31m[1m^[22m[39m[31m[1m^[22m[39m[31m[1m^[22m
[39m[31m[1m^[22m[39m[31m[1m^[22m[39m[31m[1m^[22m[39m[31m[1m^[22m[39m[31m[1m^[22m[39m[31m[1m^[22
m[39m[31m[1m^[22m[39m[31m[1m^[22m[39m[31m[1m^[22m[39m[31m[1m^[22m[39m[31m[1m^[22m[39m[31m[1m^[2
2m[39m[31m[1m^[22m[39m[31m[1m^[22m[39m[31m[1m^[22m[39m[31m[1m^[22m[39m[31m[1m^[22m[39m[31m[1m^[
22m[39m[31m[1m^[22m[39m
 [90m 5 |[39m [36mimport[39m { [33mJwtPayload[39m } [36mfrom[39m [32m'@/lib/jwt'[39m[33m;[39m
 [90m 6 |[39m [36mimport[39m { can } [36mfrom[39m [32m'@/lib/rbac'[39m[33m;[39m
 [90m 7 |[39m[0m

Import map: aliased to relative './src/middleware/authMiddleware' inside of [project]/


https://nextjs.org/docs/messages/module-not-found


./src/app/api/upload/route.ts:2:1
Module not found: Can't resolve '@/middleware/authMiddleware'
[0m [90m 1 |[39m [36mimport[39m { [33mNextRequest[39m[33m,[39m [33mNextResponse[39m } [36mfrom[39m 
[32m'next/server'[39m[33m;[39m
[31m[1m>[22m[39m[90m 2 |[39m [36mimport[39m { requireAuth[33m,[39m [33mRouteContext[39m } [36mfrom[39m 
[32m'@/middleware/authMiddleware'[39m[33m;[39m
 [90m   |[39m [31m[1m^[22m[39m[31m[1m^[22m[39m[31m[1m^[22m[39m[31m[1m^[22m[39m[31m[1m^[22m[39m[3
1m[1m^[22m[39m[31m[1m^[22m[39m[31m[1m^[22m[39m[31m[1m^[22m[39m[31m[1m^[22m[39m[31m[1m^[22m[39m[
31m[1m^[22m[39m[31m[1m^[22m[39m[31m[1m^[22m[39m[31m[1m^[22m[39m[31m[1m^[22m[39m[31m[1m^[22m[39m
[31m[1m^[22m[39m[31m[1m^[22m[39m[31m[1m^[22m[39m[31m[1m^[22m[39m[31m[1m^[22m[39m[31m[1m^[22m[39m
[31m[1m^[22m[39m[31m[1m^[22m[39m[31m[1m^[22m[39m[31m[1m^[22m[39m[31m[1m^[22m[39m[31m[1m^[22m[39
m[31m[1m^[22m[39m[31m[1m^[22m[39m[31m[1m^[22m[39m[31m[1m^[22m[39m[31m[1m^[22m[39m[31m[1m^[22m[3
9m[31m[1m^[22m[39m[31m[1m^[22m[39m[31m[1m^[22m[39m[31m[1m^[22m[39m[31m[1m^[22m[39m[31m[1m^[22m[
39m[31m[1m^[22m[39m[31m[1m^[22m[39m[31m[1m^[22m[39m[31m[1m^[22m[39m[31m[1m^[22m[39m[31m[1m^[22m
[39m[31m[1m^[22m[39m[31m[1m^[22m[39m[31m[1m^[22m[39m[31m[1m^[22m[39m[31m[1m^[22m[39m[31m[1m^[22m
[39m[31m[1m^[22m[39m[31m[1m^[22m[39m[31m[1m^[22m[39m[31m[1m^[22m[39m[31m[1m^[22m[39m[31m[1m^[22
m[39m[31m[1m^[22m[39m[31m[1m^[22m[39m[31m[1m^[22m[39m[31m[1m^[22m[39m[31m[1m^[22m[39m[31m[1m^[2
2m[39m[31m[1m^[22m[39m[31m[1m^[22m[39m[31m[1m^[22m[39m[31m[1m^[22m[39m[31m[1m^[22m[39m[31m[1m^[
22m[39m[31m[1m^[22m[39m
 [90m 3 |[39m [36mimport[39m { [33mJwtPayload[39m } [36mfrom[39m [32m'@/lib/jwt'[39m[33m;[39m
 [90m 4 |[39m
 [90m 5 |[39m [36mconst[39m [33mALLOWED_TYPES[39m [33m=[39m [[32m'image/jpeg'[39m[33m,[39m 
[32m'image/jpg'[39m[33m,[39m [32m'image/png'[39m[33m,[39m [32m'image/webp'[39m[33m,[39m 
[32m'image/gif'[39m][33m;[39m[0m

Import map: aliased to relative './src/middleware/authMiddleware' inside of [project]/


https://nextjs.org/docs/messages/module-not-found


./src/app/api/user/profile/route.ts:4:1
Module not found: Can't resolve '@/middleware/authMiddleware'
[0m [90m 2 |[39m [36mimport[39m { connectDB } [36mfrom[39m [32m'@/lib/mongodb'[39m[33m;[39m
 [90m 3 |[39m [36mimport[39m { [33mUser[39m } [36mfrom[39m [32m'@/models/User'[39m[33m;[39m
[31m[1m>[22m[39m[90m 4 |[39m [36mimport[39m { requireAuth[33m,[39m [33mRouteContext[39m } [36mfrom[39m 
[32m'@/middleware/authMiddleware'[39m[33m;[39m
 [90m   |[39m [31m[1m^[22m[39m[31m[1m^[22m[39m[31m[1m^[22m[39m[31m[1m^[22m[39m[31m[1m^[22m[39m[3
1m[1m^[22m[39m[31m[1m^[22m[39m[31m[1m^[22m[39m[31m[1m^[22m[39m[31m[1m^[22m[39m[31m[1m^[22m[39m[
31m[1m^[22m[39m[31m[1m^[22m[39m[31m[1m^[22m[39m[31m[1m^[22m[39m[31m[1m^[22m[39m[31m[1m^[22m[39m
[31m[1m^[22m[39m[31m[1m^[22m[39m[31m[1m^[22m[39m[31m[1m^[22m[39m[31m[1m^[22m[39m[31m[1m^[22m[39m
[31m[1m^[22m[39m[31m[1m^[22m[39m[31m[1m^[22m[39m[31m[1m^[22m[39m[31m[1m^[22m[39m[31m[1m^[22m[39
m[31m[1m^[22m[39m[31m[1m^[22m[39m[31m[1m^[22m[39m[31m[1m^[22m[39m[31m[1m^[22m[39m[31m[1m^[22m[3
9m[31m[1m^[22m[39m[31m[1m^[22m[39m[31m[1m^[22m[39m[31m[1m^[22m[39m[31m[1m^[22m[39m[31m[1m^[22m[
39m[31m[1m^[22m[39m[31m[1m^[22m[39m[31m[1m^[22m[39m[31m[1m^[22m[39m[31m[1m^[22m[39m[31m[1m^[22m
[39m[31m[1m^[22m[39m[31m[1m^[22m[39m[31m[1m^[22m[39m[31m[1m^[22m[39m[31m[1m^[22m[39m[31m[1m^[22m
[39m[31m[1m^[22m[39m[31m[1m^[22m[39m[31m[1m^[22m[39m[31m[1m^[22m[39m[31m[1m^[22m[39m[31m[1m^[22
m[39m[31m[1m^[22m[39m[31m[1m^[22m[39m[31m[1m^[22m[39m[31m[1m^[22m[39m[31m[1m^[22m[39m[31m[1m^[2
2m[39m[31m[1m^[22m[39m[31m[1m^[22m[39m[31m[1m^[22m[39m[31m[1m^[22m[39m[31m[1m^[22m[39m[31m[1m^[
22m[39m[31m[1m^[22m[39m
 [90m 5 |[39m [36mimport[39m { [33mJwtPayload[39m } [36mfrom[39m [32m'@/lib/jwt'[39m[33m;[39m
 [90m 6 |[39m
 [90m 7 |[39m [90m// GET ÔÇö current user's profile[39m[0m

Import map: aliased to relative './src/middleware/authMiddleware' inside of [project]/


https://nextjs.org/docs/messages/module-not-found


./src/app/api/user/saved/route.ts:5:1
Module not found: Can't resolve '@/middleware/authMiddleware'
[0m [90m 3 |[39m [36mimport[39m { [33mUser[39m } [36mfrom[39m [32m'@/models/User'[39m[33m;[39m
 [90m 4 |[39m [36mimport[39m { [33mProperty[39m } [36mfrom[39m [32m'@/models/Property'[39m[33m;[39m
[31m[1m>[22m[39m[90m 5 |[39m [36mimport[39m { requireAuth[33m,[39m [33mRouteContext[39m } [36mfrom[39m 
[32m'@/middleware/authMiddleware'[39m[33m;[39m
 [90m   |[39m [31m[1m^[22m[39m[31m[1m^[22m[39m[31m[1m^[22m[39m[31m[1m^[22m[39m[31m[1m^[22m[39m[3
1m[1m^[22m[39m[31m[1m^[22m[39m[31m[1m^[22m[39m[31m[1m^[22m[39m[31m[1m^[22m[39m[31m[1m^[22m[39m[
31m[1m^[22m[39m[31m[1m^[22m[39m[31m[1m^[22m[39m[31m[1m^[22m[39m[31m[1m^[22m[39m[31m[1m^[22m[39m
[31m[1m^[22m[39m[31m[1m^[22m[39m[31m[1m^[22m[39m[31m[1m^[22m[39m[31m[1m^[22m[39m[31m[1m^[22m[39m
[31m[1m^[22m[39m[31m[1m^[22m[39m[31m[1m^[22m[39m[31m[1m^[22m[39m[31m[1m^[22m[39m[31m[1m^[22m[39
m[31m[1m^[22m[39m[31m[1m^[22m[39m[31m[1m^[22m[39m[31m[1m^[22m[39m[31m[1m^[22m[39m[31m[1m^[22m[3
9m[31m[1m^[22m[39m[31m[1m^[22m[39m[31m[1m^[22m[39m[31m[1m^[22m[39m[31m[1m^[22m[39m[31m[1m^[22m[
39m[31m[1m^[22m[39m[31m[1m^[22m[39m[31m[1m^[22m[39m[31m[1m^[22m[39m[31m[1m^[22m[39m[31m[1m^[22m
[39m[31m[1m^[22m[39m[31m[1m^[22m[39m[31m[1m^[22m[39m[31m[1m^[22m[39m[31m[1m^[22m[39m[31m[1m^[22m
[39m[31m[1m^[22m[39m[31m[1m^[22m[39m[31m[1m^[22m[39m[31m[1m^[22m[39m[31m[1m^[22m[39m[31m[1m^[22
m[39m[31m[1m^[22m[39m[31m[1m^[22m[39m[31m[1m^[22m[39m[31m[1m^[22m[39m[31m[1m^[22m[39m[31m[1m^[2
2m[39m[31m[1m^[22m[39m[31m[1m^[22m[39m[31m[1m^[22m[39m[31m[1m^[22m[39m[31m[1m^[22m[39m[31m[1m^[
22m[39m[31m[1m^[22m[39m
 [90m 6 |[39m [36mimport[39m { [33mJwtPayload[39m } [36mfrom[39m [32m'@/lib/jwt'[39m[33m;[39m
 [90m 7 |[39m
 [90m 8 |[39m [90m// GET ÔÇö return user's saved properties (full property objects)[39m[0m

Import map: aliased to relative './src/middleware/authMiddleware' inside of [project]/


https://nextjs.org/docs/messages/module-not-found


./src/app/api/users/[id]/route.ts:4:1
Module not found: Can't resolve '@/middleware/authMiddleware'
[0m [90m 2 |[39m [36mimport[39m { connectDB } [36mfrom[39m [32m'@/lib/mongodb'[39m[33m;[39m
 [90m 3 |[39m [36mimport[39m { [33mUser[39m } [36mfrom[39m [32m'@/models/User'[39m[33m;[39m
[31m[1m>[22m[39m[90m 4 |[39m [36mimport[39m { requireAuth[33m,[39m [33mRouteContext[39m } [36mfrom[39m 
[32m'@/middleware/authMiddleware'[39m[33m;[39m
 [90m   |[39m [31m[1m^[22m[39m[31m[1m^[22m[39m[31m[1m^[22m[39m[31m[1m^[22m[39m[31m[1m^[22m[39m[3
1m[1m^[22m[39m[31m[1m^[22m[39m[31m[1m^[22m[39m[31m[1m^[22m[39m[31m[1m^[22m[39m[31m[1m^[22m[39m[
31m[1m^[22m[39m[31m[1m^[22m[39m[31m[1m^[22m[39m[31m[1m^[22m[39m[31m[1m^[22m[39m[31m[1m^[22m[39m
[31m[1m^[22m[39m[31m[1m^[22m[39m[31m[1m^[22m[39m[31m[1m^[22m[39m[31m[1m^[22m[39m[31m[1m^[22m[39m
[31m[1m^[22m[39m[31m[1m^[22m[39m[31m[1m^[22m[39m[31m[1m^[22m[39m[31m[1m^[22m[39m[31m[1m^[22m[39
m[31m[1m^[22m[39m[31m[1m^[22m[39m[31m[1m^[22m[39m[31m[1m^[22m[39m[31m[1m^[22m[39m[31m[1m^[22m[3
9m[31m[1m^[22m[39m[31m[1m^[22m[39m[31m[1m^[22m[39m[31m[1m^[22m[39m[31m[1m^[22m[39m[31m[1m^[22m[
39m[31m[1m^[22m[39m[31m[1m^[22m[39m[31m[1m^[22m[39m[31m[1m^[22m[39m[31m[1m^[22m[39m[31m[1m^[22m
[39m[31m[1m^[22m[39m[31m[1m^[22m[39m[31m[1m^[22m[39m[31m[1m^[22m[39m[31m[1m^[22m[39m[31m[1m^[22m
[39m[31m[1m^[22m[39m[31m[1m^[22m[39m[31m[1m^[22m[39m[31m[1m^[22m[39m[31m[1m^[22m[39m[31m[1m^[22
m[39m[31m[1m^[22m[39m[31m[1m^[22m[39m[31m[1m^[22m[39m[31m[1m^[22m[39m[31m[1m^[22m[39m[31m[1m^[2
2m[39m[31m[1m^[22m[39m[31m[1m^[22m[39m[31m[1m^[22m[39m[31m[1m^[22m[39m[31m[1m^[22m[39m[31m[1m^[
22m[39m[31m[1m^[22m[39m
 [90m 5 |[39m [36mimport[39m { [33mJwtPayload[39m } [36mfrom[39m [32m'@/lib/jwt'[39m[33m;[39m
 [90m 6 |[39m [36mimport[39m { can } [36mfrom[39m [32m'@/lib/rbac'[39m[33m;[39m
 [90m 7 |[39m[0m

Import map: aliased to relative './src/middleware/authMiddleware' inside of [project]/


https://nextjs.org/docs/messages/module-not-found


./src/app/api/users/route.ts:4:1
Module not found: Can't resolve '@/middleware/authMiddleware'
[0m [90m 2 |[39m [36mimport[39m { connectDB } [36mfrom[39m [32m'@/lib/mongodb'[39m[33m;[39m
 [90m 3 |[39m [36mimport[39m { [33mUser[39m } [36mfrom[39m [32m'@/models/User'[39m[33m;[39m
[31m[1m>[22m[39m[90m 4 |[39m [36mimport[39m { requireAuth[33m,[39m [33mRouteContext[39m } [36mfrom[39m 
[32m'@/middleware/authMiddleware'[39m[33m;[39m
 [90m   |[39m [31m[1m^[22m[39m[31m[1m^[22m[39m[31m[1m^[22m[39m[31m[1m^[22m[39m[31m[1m^[22m[39m[3
1m[1m^[22m[39m[31m[1m^[22m[39m[31m[1m^[22m[39m[31m[1m^[22m[39m[31m[1m^[22m[39m[31m[1m^[22m[39m[
31m[1m^[22m[39m[31m[1m^[22m[39m[31m[1m^[22m[39m[31m[1m^[22m[39m[31m[1m^[22m[39m[31m[1m^[22m[39m
[31m[1m^[22m[39m[31m[1m^[22m[39m[31m[1m^[22m[39m[31m[1m^[22m[39m[31m[1m^[22m[39m[31m[1m^[22m[39m
[31m[1m^[22m[39m[31m[1m^[22m[39m[31m[1m^[22m[39m[31m[1m^[22m[39m[31m[1m^[22m[39m[31m[1m^[22m[39
m[31m[1m^[22m[39m[31m[1m^[22m[39m[31m[1m^[22m[39m[31m[1m^[22m[39m[31m[1m^[22m[39m[31m[1m^[22m[3
9m[31m[1m^[22m[39m[31m[1m^[22m[39m[31m[1m^[22m[39m[31m[1m^[22m[39m[31m[1m^[22m[39m[31m[1m^[22m[
39m[31m[1m^[22m[39m[31m[1m^[22m[39m[31m[1m^[22m[39m[31m[1m^[22m[39m[31m[1m^[22m[39m[31m[1m^[22m
[39m[31m[1m^[22m[39m[31m[1m^[22m[39m[31m[1m^[22m[39m[31m[1m^[22m[39m[31m[1m^[22m[39m[31m[1m^[22m
[39m[31m[1m^[22m[39m[31m[1m^[22m[39m[31m[1m^[22m[39m[31m[1m^[22m[39m[31m[1m^[22m[39m[31m[1m^[22
m[39m[31m[1m^[22m[39m[31m[1m^[22m[39m[31m[1m^[22m[39m[31m[1m^[22m[39m[31m[1m^[22m[39m[31m[1m^[2
2m[39m[31m[1m^[22m[39m[31m[1m^[22m[39m[31m[1m^[22m[39m[31m[1m^[22m[39m[31m[1m^[22m[39m[31m[1m^[
22m[39m[31m[1m^[22m[39m
 [90m 5 |[39m [36mimport[39m { [33mJwtPayload[39m } [36mfrom[39m [32m'@/lib/jwt'[39m[33m;[39m
 [90m 6 |[39m [36mimport[39m { can } [36mfrom[39m [32m'@/lib/rbac'[39m[33m;[39m
 [90m 7 |[39m[0m

Import map: aliased to relative './src/middleware/authMiddleware' inside of [project]/


https://nextjs.org/docs/messages/module-not-found


    at <unknown> (./src/app/api/agents/[id]/route.ts:4:1)
    at <unknown> (https://nextjs.org/docs/messages/module-not-found)
    at <unknown> (./src/app/api/agents/route.ts:4:1)
    at <unknown> (https://nextjs.org/docs/messages/module-not-found)
    at <unknown> (./src/app/api/analytics/route.ts:7:1)
    at <unknown> (https://nextjs.org/docs/messages/module-not-found)
    at <unknown> (./src/app/api/auth/me/route.ts:4:1)
    at <unknown> (https://nextjs.org/docs/messages/module-not-found)
    at <unknown> (./src/app/api/blogs/[id]/route.ts:4:1)
    at <unknown> (https://nextjs.org/docs/messages/module-not-found)
    at <unknown> (./src/app/api/blogs/route.ts:4:1)
    at <unknown> (https://nextjs.org/docs/messages/module-not-found)
    at <unknown> (./src/app/api/contact/route.ts:5:1)
    at <unknown> (https://nextjs.org/docs/messages/module-not-found)
    at <unknown> (./src/app/api/inquiries/[id]/route.ts:4:1)
    at <unknown> (https://nextjs.org/docs/messages/module-not-found)
    at <unknown> (./src/app/api/inquiries/route.ts:5:1)
    at <unknown> (https://nextjs.org/docs/messages/module-not-found)
    at <unknown> (./src/app/api/messages/[id]/route.ts:4:1)
    at <unknown> (https://nextjs.org/docs/messages/module-not-found)
    at <unknown> (./src/app/api/properties/[id]/route.ts:4:1)
    at <unknown> (https://nextjs.org/docs/messages/module-not-found)
    at <unknown> (./src/app/api/properties/route.ts:4:1)
    at <unknown> (https://nextjs.org/docs/messages/module-not-found)
    at <unknown> (./src/app/api/upload/route.ts:2:1)
    at <unknown> (https://nextjs.org/docs/messages/module-not-found)
    at <unknown> (./src/app/api/user/profile/route.ts:4:1)
    at <unknown> (https://nextjs.org/docs/messages/module-not-found)
    at <unknown> (./src/app/api/user/saved/route.ts:5:1)
    at <unknown> (https://nextjs.org/docs/messages/module-not-found)
    at <unknown> (./src/app/api/users/[id]/route.ts:4:1)
    at <unknown> (https://nextjs.org/docs/messages/module-not-found)
    at <unknown> (./src/app/api/users/route.ts:4:1)
    at <unknown> (https://nextjs.org/docs/messages/module-not-found)
